// Jest Snapshot v1, https://goo.gl/fbAQLP

exports[`It should render the calculation result 1`] = `
<div
  className="container1"
>
  <h1
    className="math"
  >
    Let's do some math!
  </h1>
  <div
    className="container"
  >
    <div
      className="inner-div"
    >
      <div
        className="input"
      >
        0
      </div>
    </div>
    <button
      className="buttons"
      onClick={[Function]}
      type="button"
    >
      AC
    </button>
    <button
      className="buttons"
      onClick={[Function]}
      type="button"
    >
      +/-
    </button>
    <button
      className="buttons"
      onClick={[Function]}
      type="button"
    >
      %
    </button>
    <button
      className="o-buttons"
      onClick={[Function]}
      type="button"
    >
      รท
    </button>
    <button
      className="buttons"
      onClick={[Function]}
      type="button"
    >
      7
    </button>
    <button
      className="buttons"
      onClick={[Function]}
      type="button"
    >
      8
    </button>
    <button
      className="buttons"
      onClick={[Function]}
      type="button"
    >
      9
    </button>
    <button
      className="o-buttons"
      onClick={[Function]}
      type="button"
    >
      x
    </button>
    <button
      className="buttons"
      onClick={[Function]}
      type="button"
    >
      4
    </button>
    <button
      className="buttons"
      onClick={[Function]}
      type="button"
    >
      5
    </button>
    <button
      className="buttons"
      onClick={[Function]}
      type="button"
    >
      6
    </button>
    <button
      className="o-buttons"
      onClick={[Function]}
      type="button"
    >
      -
    </button>
    <button
      className="buttons"
      onClick={[Function]}
      type="button"
    >
      1
    </button>
    <button
      className="buttons"
      onClick={[Function]}
      type="button"
    >
      2
    </button>
    <button
      className="buttons"
      onClick={[Function]}
      type="button"
    >
      3
    </button>
    <button
      className="o-buttons"
      onClick={[Function]}
      type="button"
    >
      +
    </button>
    <button
      className="buttons"
      onClick={[Function]}
      type="button"
    >
      0
    </button>
    <button
      className="buttons"
      onClick={[Function]}
      type="button"
    >
      .
    </button>
    <button
      className="o-buttons"
      onClick={[Function]}
      type="button"
    >
      =
    </button>
  </div>
</div>
`;
