// Jest Snapshot v1, https://goo.gl/fbAQLP

exports[`Should render correctly 1`] = `
<div>
  <p
    className="quote"
  >
    Mathematics is not about numbers, equations, computations or algorithms: it is about understanding -William paul thurston
  </p>
</div>
`;
